// Jest Snapshot v1, https://goo.gl/fbAQLP

exports[`Field Component spec renders  1`] = `ShallowWrapper {}`;
