// Jest Snapshot v1, https://goo.gl/fbAQLP

exports[`Form spec renders and sets _isMounted  1`] = `ShallowWrapper {}`;
